============================= test session starts =============================
platform win32 -- Python 3.14.0, pytest-9.0.0, pluggy-1.6.0 -- C:\Users\USER\AppData\Local\Python\pythoncore-3.14-64\python.exe
cachedir: .pytest_cache
rootdir: C:\Users\USER\Desktop\Python_mk07\IVI_OS_Auto_var00
plugins: anyio-4.12.0, testrail-2.9.0
collecting ... collected 1 item

tests/test_lights_scenario.py::TestLightsScenario::test_mood_light_color_change ERROR

=================================== ERRORS ====================================
______ ERROR at setup of TestLightsScenario.test_mood_light_color_change ______
file C:\Users\USER\Desktop\Python_mk07\IVI_OS_Auto_var00\tests\test_lights_scenario.py, line 8
      def test_mood_light_color_change(self, page):
E       fixture 'page' not found
>       available fixtures: anyio_backend, anyio_backend_name, anyio_backend_options, cache, capfd, capfdbinary, caplog, capsys, capsysbinary, capteesys, doctest_namespace, driver, free_tcp_port, free_tcp_port_factory, free_udp_port, free_udp_port_factory, monkeypatch, pytestconfig, record_property, record_testsuite_property, record_xml_attribute, recwarn, subtests, tmp_path, tmp_path_factory, tmpdir, tmpdir_factory
>       use 'pytest --fixtures [testpath]' for help on them.

C:\Users\USER\Desktop\Python_mk07\IVI_OS_Auto_var00\tests\test_lights_scenario.py:8
=========================== short test summary info ===========================
ERROR tests/test_lights_scenario.py::TestLightsScenario::test_mood_light_color_change
============================== 1 error in 0.01s ===============================
